components/dashboard/PitchDeckSlide.tsx(10,40): error TS2307: Cannot find module '@/app/actions/gemini' or its corresponding type declarations.
components/dashboard/PitchDeckSlide.tsx(11,36): error TS2307: Cannot find module '@/lib/utils' or its corresponding type declarations.
components/dashboard/PitchDeckSlide.tsx(13,48): error TS2307: Cannot find module '@/lib/types/pitch-deck' or its corresponding type declarations.
components/dashboard/PitchDeckSlide.tsx(1458,20): error TS2322: Type '{ children: string; jsx: true; }' is not assignable to type 'DetailedHTMLProps<StyleHTMLAttributes<HTMLStyleElement>, HTMLStyleElement>'.
  Property 'jsx' does not exist on type 'DetailedHTMLProps<StyleHTMLAttributes<HTMLStyleElement>, HTMLStyleElement>'.
